[backblue.gif]
[fade.gif]
[index.html]
[thcslieutu1.edu.vn/xmlrpc.php]
[thcslieutu1.edu.vn/indexd784.html]
[thcslieutu1.edu.vn/index6e0a.html]
[thcslieutu1.edu.vn/indexcc4d.html]
[thcslieutu1.edu.vn/xmlrpc0db0.php]
[thcslieutu1.edu.vn/wp-includes/wlwmanifest.xml]
[thcslieutu1.edu.vn/wp-content/uploads/2013/07/banner.swf]
[thcslieutu1.edu.vn/wp-content/themes/VN-News/scripts/timthumb0cf8.jpg]
[thcslieutu1.edu.vn/wp-content/uploads/2014/01/banner.jpg]
[thcslieutu1.edu.vn/wp-content/themes/VN-News/scripts/timthumbe186.jpg]
[thcslieutu1.edu.vn/wp-content/themes/VN-News/scripts/timthumba3ff.png]
[thcslieutu1.edu.vn/wp-content/uploads/2013/06/websgd.gif]
[thcslieutu1.edu.vn/wp-content/uploads/2013/06/srem.gif]
[thcslieutu1.edu.vn/wp-content/uploads/2013/06/vnedu.gif]
[thcslieutu1.edu.vn/wp-content/uploads/2013/06/pcgd.jpg]
[thcslieutu1.edu.vn/wp-content/uploads/2013/09/khaigiang.swf]
[sstatic1.histats.com/0718f.gif]
[thcslieutu1.edu.vn/index.html]
[thcslieutu1.edu.vn/wp-content/themes/VN-News/images/background.gif]
[thcslieutu1.edu.vn/wp-content/themes/VN-News/images/search.gif]
[thcslieutu1.edu.vn/wp-content/themes/VN-News/images/icon-arrow.gif]
[thcslieutu1.edu.vn/wp-content/themes/VN-News/images/meta.png]
[thcslieutu1.edu.vn/wp-content/themes/VN-News/images/pages.png]
[thcslieutu1.edu.vn/wp-content/themes/VN-News/images/sub.png]
[thcslieutu1.edu.vn/wp-content/themes/VN-News/images/archive.png]
[thcslieutu1.edu.vn/wp-content/themes/VN-News/images/folder.gif]
[thcslieutu1.edu.vn/wp-content/themes/VN-News/images/link.png]
[thcslieutu1.edu.vn/wp-content/themes/VN-News/images/user.gif]
[thcslieutu1.edu.vn/wp-content/themes/VN-News/images/tags.gif]
[thcslieutu1.edu.vn/wp-content/themes/VN-News/images/view.gif]
[thcslieutu1.edu.vn/wp-content/themes/VN-News/images/date.gif]
[thcslieutu1.edu.vn/wp-content/themes/VN-News/images/user_comment.png]
[thcslieutu1.edu.vn/wp-content/themes/VN-News/images/comment.gif]
[thcslieutu1.edu.vn/wp-content/themes/VN-News/images/home.png]
[thcslieutu1.edu.vn/wp-content/themes/VN-News/images/trackback.png]
[thcslieutu1.edu.vn/wp-content/themes/VN-News/images/feed.gif]
[thcslieutu1.edu.vn/wp-content/themes/VN-News/images/rss.gif]
[thcslieutu1.edu.vn/wp-content/themes/VN-News/images/login.png]
[thcslieutu1.edu.vn/wp-content/themes/VN-News/images/siteadmin.png]
[thcslieutu1.edu.vn/wp-content/themes/VN-News/images/your-email.gif]
[thcslieutu1.edu.vn/wp-content/themes/VN-News/images/subscribebg.png]
[thcslieutu1.edu.vn/wp-content/themes/VN-News/images/subscribeinput.png]
[thcslieutu1.edu.vn/wp-content/themes/VN-News/images/bullet.gif]
[thcslieutu1.edu.vn/wp-content/themes/VN-News/images/your-name.gif]
[thcslieutu1.edu.vn/wp-content/themes/VN-News/images/your-site.gif]
[thcslieutu1.edu.vn/wp-content/themes/VN-News/images/spam.ico]
[thcslieutu1.edu.vn/wp-content/themes/VN-News/images/so-q.gif]
[thcslieutu1.edu.vn/wp-content/themes/VN-News/images/sc-q.gif]
[thcslieutu1.edu.vn/wp-content/themes/VN-News/images/icon-user.gif]
[thcslieutu1.edu.vn/wp-content/themes/VN-News/images/icon-error.gif]
[thcslieutu1.edu.vn/wp-content/themes/VN-News/images/icon-info.gif]
[thcslieutu1.edu.vn/wp-content/themes/VN-News/images/icon-tips.gif]
[thcslieutu1.edu.vn/wp-content/themes/VN-News/images/sticky-bg.gif]
[thcslieutu1.edu.vn/wp-content/themes/VN-News/images/download-bg.gif]
[thcslieutu1.edu.vn/wp-content/themes/VN-News/images/icon-checklist.gif]
[thcslieutu1.edu.vn/wp-content/themes/VN-News/images/icon-star.gif]
[thcslieutu1.edu.vn/wp-content/themes/VN-News/images/ol-bg.gif]
[thcslieutu1.edu.vn/wp-content/themes/VN-News/images/bub1-br.gif]
[thcslieutu1.edu.vn/wp-content/themes/VN-News/images/bub1-bl.gif]
[thcslieutu1.edu.vn/wp-content/themes/VN-News/images/bub1-tr.gif]
[thcslieutu1.edu.vn/wp-content/themes/VN-News/images/bub1-tl.gif]
[thcslieutu1.edu.vn/wp-content/themes/VN-News/images/bub2-br.gif]
[thcslieutu1.edu.vn/wp-content/themes/VN-News/images/bub2-bl.gif]
[thcslieutu1.edu.vn/wp-content/themes/VN-News/images/bub2-tr.gif]
[thcslieutu1.edu.vn/wp-content/themes/VN-News/images/bub2-tl.gif]
[thcslieutu1.edu.vn/wp-content/themes/VN-News/images/bub3-br.gif]
[thcslieutu1.edu.vn/wp-content/themes/VN-News/images/bub3-bl.gif]
[thcslieutu1.edu.vn/wp-content/themes/VN-News/images/bub3-tr.gif]
[thcslieutu1.edu.vn/wp-content/themes/VN-News/images/bub3-tl.gif]
[thcslieutu1.edu.vn/wp-content/themes/VN-News/images/bub4-br.gif]
[thcslieutu1.edu.vn/wp-content/themes/VN-News/images/bub4-bl.gif]
[thcslieutu1.edu.vn/wp-content/themes/VN-News/images/bub4-tr.gif]
[thcslieutu1.edu.vn/wp-content/themes/VN-News/images/bub4-tl.gif]
[thcslieutu1.edu.vn/wp-content/themes/VN-News/style.css]
[thcslieutu1.edu.vn/wp-content/themes/VN-News/scripts/prototype.js]
[thcslieutu1.edu.vn/wp-content/themes/VN-News/scripts/effects.js]
[thcslieutu1.edu.vn/wp-content/themes/VN-News/scripts/glider.js]
[thcslieutu1.edu.vn/wp-content/themes/VN-News/scripts/tabber.js]
[thcslieutu1.edu.vn/wp-content/themes/VN-News/scripts/dropdown-menu.js]
[thcslieutu1.edu.vn/indexba53.html]
[thcslieutu1.edu.vn/indexd236.html]
[thcslieutu1.edu.vn/index096e.html]
[thcslieutu1.edu.vn/indexcdae.html]
[thcslieutu1.edu.vn/index89d6.html]
[thcslieutu1.edu.vn/index76cc.html]
[thcslieutu1.edu.vn/indexddd7.html]
[thcslieutu1.edu.vn/wp-content/themes/VN-News/scripts/timthumbe5c7.jpg]
[thcslieutu1.edu.vn/index4f2d.html]
[thcslieutu1.edu.vn/index8256.html]
[thcslieutu1.edu.vn/wp-content/themes/VN-News/scripts/timthumbec8b.jpg]
[thcslieutu1.edu.vn/index29c7.html]
[thcslieutu1.edu.vn/wp-content/themes/VN-News/scripts/timthumb291e.jpg]
[thcslieutu1.edu.vn/indexb0b7.html]
[thcslieutu1.edu.vn/index5c96.html]
[thcslieutu1.edu.vn/index07d3.html]
[thcslieutu1.edu.vn/index2d7c.html]
[thcslieutu1.edu.vn/wp-content/themes/VN-News/scripts/timthumb604c.jpg]
[thcslieutu1.edu.vn/indexa88f.html]
[thcslieutu1.edu.vn/indexede2.html]
[thcslieutu1.edu.vn/index97dc.html]
[thcslieutu1.edu.vn/index7f33.html]
[thcslieutu1.edu.vn/indexe954.html]
[thcslieutu1.edu.vn/indexe30c.html]
[thcslieutu1.edu.vn/wp-content/themes/VN-News/scripts/timthumbcd48.jpg]
[thcslieutu1.edu.vn/wp-content/themes/VN-News/scripts/timthumb720b.jpg]
[thcslieutu1.edu.vn/indexb31a.html]
[thcslieutu1.edu.vn/indexcb34.html]
[thcslieutu1.edu.vn/wp-content/themes/VN-News/scripts/timthumb5573.jpg]
[thcslieutu1.edu.vn/indexaa1e.html]
[thcslieutu1.edu.vn/indexfb19.html]
[thcslieutu1.edu.vn/index9591.html]
[thcslieutu1.edu.vn/index0fbe.html]
[thcslieutu1.edu.vn/index7e31.html]
[thcslieutu1.edu.vn/wp-content/uploads/2014/08/KE-HOACH-NAM-HOC-2014-2015.pdf]
[thcslieutu1.edu.vn/indexbbc0.html]
[thcslieutu1.edu.vn/wp-content/themes/VN-News/images/sociable/digg.png]
[thcslieutu1.edu.vn/wp-content/themes/VN-News/images/sociable/delicious.png]
[thcslieutu1.edu.vn/wp-content/themes/VN-News/images/sociable/stumbleupon.png]
[thcslieutu1.edu.vn/wp-content/themes/VN-News/images/sociable/technorati.png]
[thcslieutu1.edu.vn/wp-content/themes/VN-News/images/sociable/googlebookmark.png]
[thcslieutu1.edu.vn/indexb44c.html]
[thcslieutu1.edu.vn/index8829.html]
[thcslieutu1.edu.vn/wp-content/themes/VN-News/images/sociable/windows.gif]
[thcslieutu1.edu.vn/wp-content/themes/VN-News/images/sociable/facebook.png]
[thcslieutu1.edu.vn/wp-content/themes/VN-News/images/sociable/sphinn.png]
[thcslieutu1.edu.vn/wp-content/themes/VN-News/images/sociable/mixx.png]
[thcslieutu1.edu.vn/index3a37.html]
[thcslieutu1.edu.vn/wp-content/themes/VN-News/images/sociable/newsvine.png]
[thcslieutu1.edu.vn/wp-content/themes/VN-News/images/sociable/reddit.png]
[thcslieutu1.edu.vn/wp-content/themes/VN-News/images/sociable/yahoomyweb.png]
[thcslieutu1.edu.vn/wp-content/themes/VN-News/images/avatar.gif]
[thcslieutu1.edu.vn/indexdea9.html]
[thcslieutu1.edu.vn/indexcd64.html]
[thcslieutu1.edu.vn/indexd6bf.html]
[thcslieutu1.edu.vn/index78a0.html]
[thcslieutu1.edu.vn/wp-content/uploads/2014/05/bao-cao-thanh-tich.doc]
[thcslieutu1.edu.vn/indexd4e2.html]
[thcslieutu1.edu.vn/wp-content/uploads/2014/04/don-nghi-phep1.doc]
[thcslieutu1.edu.vn/index477d.html]
[thcslieutu1.edu.vn/indexc75d.html]
[thcslieutu1.edu.vn/index6b42.html]
[thcslieutu1.edu.vn/index3140.html]
[thcslieutu1.edu.vn/index46cb.html]
[thcslieutu1.edu.vn/wp-content/uploads/2014/03/My-quyen.xls]
[thcslieutu1.edu.vn/indexb833.html]
[thcslieutu1.edu.vn/indexb7d8.html]
[thcslieutu1.edu.vn/wp-content/uploads/2014/03/IMG_1005.jpg]
[thcslieutu1.edu.vn/wp-content/uploads/2014/03/IMG_1006.jpg]
[thcslieutu1.edu.vn/wp-content/uploads/2014/03/IMG_1007.jpg]
[thcslieutu1.edu.vn/wp-content/uploads/2014/03/IMG_1008.jpg]
[thcslieutu1.edu.vn/index15cd.html]
[thcslieutu1.edu.vn/wp-content/uploads/2014/03/IMG_1009.jpg]
[thcslieutu1.edu.vn/index6e26.html]
[thcslieutu1.edu.vn/wp-content/uploads/2014/03/IMG_1010.jpg]
[thcslieutu1.edu.vn/wp-content/uploads/2014/03/IMG_1011.jpg]
[thcslieutu1.edu.vn/wp-content/uploads/2014/03/IMG_1013.jpg]
[thcslieutu1.edu.vn/wp-content/uploads/2014/03/IMG_1014.jpg]
[thcslieutu1.edu.vn/wp-content/uploads/2014/03/IMG_1015.jpg]
[thcslieutu1.edu.vn/wp-content/uploads/2014/03/IMG_1016.jpg]
[thcslieutu1.edu.vn/wp-content/uploads/2014/03/IMG_1017.jpg]
[thcslieutu1.edu.vn/wp-content/uploads/2014/03/IMG_1018.jpg]
[thcslieutu1.edu.vn/wp-content/uploads/2014/03/IMG_1019.jpg]
[thcslieutu1.edu.vn/wp-content/uploads/2014/03/IMG_1020.jpg]
[thcslieutu1.edu.vn/wp-content/uploads/2014/03/IMG_1021.jpg]
[thcslieutu1.edu.vn/wp-content/uploads/2014/03/IMG_1022.jpg]
[thcslieutu1.edu.vn/wp-content/uploads/2014/03/IMG_1023.jpg]
[thcslieutu1.edu.vn/wp-content/uploads/2014/03/IMG_1024.jpg]
[thcslieutu1.edu.vn/index320d.html]
[thcslieutu1.edu.vn/wp-content/uploads/2013/11/MAU-KIEM-DIEM-DANG-VIEN-20131.doc]
[thcslieutu1.edu.vn/index12c3.html]
[thcslieutu1.edu.vn/index8144.html]
[thcslieutu1.edu.vn/wp-content/uploads/2013/07/BAN-DANG-KY-CA-NHAN-DANG-VIEN.doc]
[thcslieutu1.edu.vn/index26d3.html]
[thcslieutu1.edu.vn/wp-content/uploads/2013/07/BAN-DANG-KY-CUA-CHI-BO....doc]
[thcslieutu1.edu.vn/index7c2c.html]
[thcslieutu1.edu.vn/wp-content/uploads/2014/08/LICH-TRUC2.doc]
[thcslieutu1.edu.vn/indexa693.html]
[thcslieutu1.edu.vn/index7058.html]
[thcslieutu1.edu.vn/wp-content/uploads/2014/08/BIEN-CHE.xls]
[thcslieutu1.edu.vn/index3f7e.html]
[thcslieutu1.edu.vn/index0ae4.html]
[thcslieutu1.edu.vn/wp-content/uploads/2014/08/HK-113.xls]
[thcslieutu1.edu.vn/index1540.html]
[thcslieutu1.edu.vn/index8233.html]
[thcslieutu1.edu.vn/wp-content/uploads/2014/07/DAY-HE1.xls]
[thcslieutu1.edu.vn/index64f7.html]
[thcslieutu1.edu.vn/index0ecc.html]
[thcslieutu1.edu.vn/wp-content/uploads/2014/07/KE-HOACH-HE.doc]
[thcslieutu1.edu.vn/indexff4d.html]
[thcslieutu1.edu.vn/index40db.html]
[thcslieutu1.edu.vn/wp-content/uploads/2013/10/Chuyen-de-tim-hieu-phap-luat.ppt]
[thcslieutu1.edu.vn/index18c0.html]
[thcslieutu1.edu.vn/indexd8a2.html]
[thcslieutu1.edu.vn/wp-content/uploads/2013/10/cam-ket-phong-chong-te-nan-XH.doc]
[thcslieutu1.edu.vn/index7914.html]
[thcslieutu1.edu.vn/indexa134.html]
[thcslieutu1.edu.vn/wp-content/uploads/2013/10/thu-chi-quy-du-lich1.doc]
[thcslieutu1.edu.vn/index8f31.html]
[thcslieutu1.edu.vn/index2a9a.html]
[thcslieutu1.edu.vn/index3556.html]
[thcslieutu1.edu.vn/wp-content/uploads/2013/10/noi-dung-cu-the-hang-thang-cong-doan.doc]
[thcslieutu1.edu.vn/index08f3.html]
[thcslieutu1.edu.vn/wp-content/uploads/2013/10/1.jpg]
[thcslieutu1.edu.vn/index0dbc.html]
[thcslieutu1.edu.vn/wp-content/uploads/2013/10/2.jpg]
[thcslieutu1.edu.vn/wp-content/uploads/2013/10/3.jpg]
[thcslieutu1.edu.vn/wp-content/uploads/2013/10/4.jpg]
[thcslieutu1.edu.vn/wp-content/uploads/2013/10/5.jpg]
[thcslieutu1.edu.vn/wp-content/uploads/2013/10/6.jpg]
[thcslieutu1.edu.vn/wp-content/uploads/2013/10/7.jpg]
[thcslieutu1.edu.vn/wp-content/uploads/2013/10/8.jpg]
[thcslieutu1.edu.vn/wp-content/uploads/2013/10/9.jpg]
[thcslieutu1.edu.vn/index3f75.html]
[thcslieutu1.edu.vn/wp-content/uploads/2013/10/ke-hoach-cong-doan-nam-hoc-2013-2014.doc]
[thcslieutu1.edu.vn/index0db4.html]
[thcslieutu1.edu.vn/index543f.html]
[thcslieutu1.edu.vn/wp-content/uploads/2013/09/17.jpg]
[thcslieutu1.edu.vn/index5ddf.html]
[thcslieutu1.edu.vn/wp-content/uploads/2013/09/17-300x168.jpg]
[thcslieutu1.edu.vn/wp-content/uploads/2013/09/35.jpg]
[thcslieutu1.edu.vn/indexc089.html]
[thcslieutu1.edu.vn/wp-content/uploads/2013/08/IMG_0176.jpg]
[thcslieutu1.edu.vn/index6c57.html]
[thcslieutu1.edu.vn/wp-content/uploads/2013/08/IMG_0176-300x224.jpg]
[thcslieutu1.edu.vn/index9873.html]
[thcslieutu1.edu.vn/wp-content/uploads/2013/08/20-dieu-giao-vien-can-biet.doc]
[thcslieutu1.edu.vn/indexd7c9.html]
[thcslieutu1.edu.vn/indexf637.html]
[thcslieutu1.edu.vn/wp-content/uploads/2013/07/KNSGUI_660.ppt]
[thcslieutu1.edu.vn/index17d5.html]
[thcslieutu1.edu.vn/index9d70.html]
[thcslieutu1.edu.vn/index6213.html]
[thcslieutu1.edu.vn/index5e38.html]
[thcslieutu1.edu.vn/index55e4.html]
[thcslieutu1.edu.vn/index3bdc.html]
[thcslieutu1.edu.vn/wp-content/uploads/2013/06/biquyet_vuikhoe.pps]
[thcslieutu1.edu.vn/index7896.html]
[thcslieutu1.edu.vn/index0fcf.html]
[thcslieutu1.edu.vn/wp-content/uploads/2014/07/TIEU-CHUAN-THI-DUA-DANG-BO-SUNG-2014-2015.doc]
[thcslieutu1.edu.vn/index7230.html]
[thcslieutu1.edu.vn/index215f.html]
[thcslieutu1.edu.vn/index3f71.html]
[thcslieutu1.edu.vn/index911d.html]
[thcslieutu1.edu.vn/wp-content/uploads/2014/07/KE-HOACH-CONG-TAC-THANG-8.doc]
[thcslieutu1.edu.vn/indexdccb.html]
[thcslieutu1.edu.vn/index0787.html]
[thcslieutu1.edu.vn/index53f5.html]
[thcslieutu1.edu.vn/wp-content/uploads/2014/07/KE-HOACH-CONG-TAC-THANG-7-NAM-2014.doc]
[thcslieutu1.edu.vn/index9c7a.html]
[thcslieutu1.edu.vn/wp-content/uploads/2014/04/BAN-DANG-KY-CHUYEN-DE-2014.doc]
[thcslieutu1.edu.vn/index3dfd.html]
[thcslieutu1.edu.vn/index403e.html]
[thcslieutu1.edu.vn/wp-content/uploads/2014/04/Huong-dan-xep-loai-chuan-GV-theo-TT30.doc]
[thcslieutu1.edu.vn/indexbf1a.html]
[thcslieutu1.edu.vn/index157d.html]
[thcslieutu1.edu.vn/wp-content/uploads/2014/04/KE-HOACH-THANG-03.2014.doc]
[thcslieutu1.edu.vn/indexef2b.html]
[thcslieutu1.edu.vn/index82fb.html]
[thcslieutu1.edu.vn/wp-content/uploads/2013/10/Quy-che-cong-nhan-truong-dat-chuan-quoc-gia.doc]
[thcslieutu1.edu.vn/indexe6cc.html]
[thcslieutu1.edu.vn/index7145.html]
[thcslieutu1.edu.vn/wp-content/uploads/2013/09/Cong-van-Huong-dan-bien-soan-de-kiem-tra-cua-BGD.pdf]
[thcslieutu1.edu.vn/index2fb6.html]
[thcslieutu1.edu.vn/indexf299.html]
[thcslieutu1.edu.vn/wp-content/uploads/2013/09/Thu-khaigiang13-14.pdf]
[thcslieutu1.edu.vn/index63ba.html]
[thcslieutu1.edu.vn/index378d.html]
[thcslieutu1.edu.vn/wp-content/uploads/2013/09/QCTNTHCS.pdf]
[thcslieutu1.edu.vn/index7d08.html]
[thcslieutu1.edu.vn/index602d.html]
[thcslieutu1.edu.vn/wp-content/uploads/2013/09/Dieu-le-Ban-dai-dien-cha-me-hoc-sinh.pdf]
[thcslieutu1.edu.vn/index0ae0.html]
[thcslieutu1.edu.vn/index390b.html]
[thcslieutu1.edu.vn/wp-content/uploads/2013/08/hd-soan-giao-an-ngll-lop-6.doc]
[thcslieutu1.edu.vn/indexd55b.html]
[thcslieutu1.edu.vn/wp-content/uploads/2013/08/hd-soan-giao-an-ngll-lop-7.doc]
[thcslieutu1.edu.vn/wp-content/uploads/2013/08/hd-soan-giao-an-ngll-lop-8.doc]
[thcslieutu1.edu.vn/wp-content/uploads/2013/08/hd-soan-giao-an-ngll-lop-9.doc]
[thcslieutu1.edu.vn/index4db6.html]
[thcslieutu1.edu.vn/wp-login.html]
[thcslieutu1.edu.vn/wp-content/uploads/2013/08/Luat-giao-duc-2005.pdf]
[thcslieutu1.edu.vn/index9a8b.html]
[thcslieutu1.edu.vn/wp-content/uploads/2013/08/Luat-giao-duc-sua-doi-2009.pdf]
[thcslieutu1.edu.vn/indexf47a.html]
[thcslieutu1.edu.vn/wp-content/uploads/2013/08/58-2011-TT.doc]
[thcslieutu1.edu.vn/index3e8e.html]
[thcslieutu1.edu.vn/indexcbf5.html]
[thcslieutu1.edu.vn/wp-content/uploads/2013/08/Huong-dan-thuc-hien-TT-58.pdf]
[thcslieutu1.edu.vn/index3a3f.html]
[thcslieutu1.edu.vn/indexbceb.html]
[thcslieutu1.edu.vn/wp-content/uploads/2013/08/Dieu-le-truong-TrH.pdf]
[thcslieutu1.edu.vn/index1639.html]
[thcslieutu1.edu.vn/index56c1.html]
[thcslieutu1.edu.vn/index502d.html]
[thcslieutu1.edu.vn/wp-content/uploads/2013/08/Quyet-dinh-Dao-duc-nha-giao.pdf]
[thcslieutu1.edu.vn/indexd06c.html]
[thcslieutu1.edu.vn/wp-content/uploads/2013/08/Chuan-GV-TrH-Mau-16.10.09.doc]
[thcslieutu1.edu.vn/index1caa.html]
[thcslieutu1.edu.vn/indexac68.html]
[thcslieutu1.edu.vn/wp-content/uploads/2013/08/28-2009-TT-BGDDT.pdf]
[thcslieutu1.edu.vn/indexbcd6.html]
[thcslieutu1.edu.vn/index68d3.html]
[thcslieutu1.edu.vn/wp-content/uploads/2013/08/105378_TT1BNV.pdf]
[thcslieutu1.edu.vn/indexec1b.html]
[thcslieutu1.edu.vn/index0bc4.html]
[thcslieutu1.edu.vn/wp-content/uploads/2013/08/huong-dan-day-hoc-tieng-khmer-va-tieng-hoa-tinh-soc-trang.pdf]
[thcslieutu1.edu.vn/index42fe.html]
[thcslieutu1.edu.vn/index12fb.html]
[thcslieutu1.edu.vn/index3662.html]
[thcslieutu1.edu.vn/indexbcfb.html]
[thcslieutu1.edu.vn/wp-content/uploads/2013/11/IMG_0681.jpg]
[thcslieutu1.edu.vn/index2c11.html]
[thcslieutu1.edu.vn/wp-content/uploads/2013/11/IMG_0686.jpg]
[thcslieutu1.edu.vn/wp-content/uploads/2013/11/IMG_0688.jpg]
[thcslieutu1.edu.vn/wp-content/uploads/2013/11/IMG_0690.jpg]
[thcslieutu1.edu.vn/wp-content/uploads/2013/11/IMG_0691.jpg]
[thcslieutu1.edu.vn/wp-content/uploads/2013/11/IMG_0695.jpg]
[thcslieutu1.edu.vn/wp-content/uploads/2013/11/IMG_0696.jpg]
[thcslieutu1.edu.vn/wp-content/uploads/2013/11/IMG_0698.jpg]
[thcslieutu1.edu.vn/wp-content/uploads/2013/11/IMG_0699.jpg]
[thcslieutu1.edu.vn/wp-content/uploads/2013/11/IMG_0704.jpg]
[thcslieutu1.edu.vn/wp-content/uploads/2013/11/IMG_0705.jpg]
[thcslieutu1.edu.vn/wp-content/uploads/2013/11/IMG_0706.jpg]
[thcslieutu1.edu.vn/wp-content/uploads/2013/11/IMG_0707.jpg]
[thcslieutu1.edu.vn/wp-content/uploads/2013/11/IMG_0708.jpg]
[thcslieutu1.edu.vn/wp-content/uploads/2013/11/IMG_0709.jpg]
[thcslieutu1.edu.vn/wp-content/uploads/2013/11/IMG_0710.jpg]
[thcslieutu1.edu.vn/wp-content/uploads/2013/11/IMG_0714.jpg]
[thcslieutu1.edu.vn/wp-content/uploads/2013/11/IMG_0718.jpg]
[thcslieutu1.edu.vn/wp-content/uploads/2013/11/IMG_0679.jpg]
[thcslieutu1.edu.vn/index174b.html]
[thcslieutu1.edu.vn/AppleWebKit/index.html]
[thcslieutu1.edu.vn/wp-content/uploads/2014/03/IMG_1025.jpg]
[thcslieutu1.edu.vn/indexf0f9.html]
[thcslieutu1.edu.vn/wp-content/uploads/2014/03/IMG_1028.jpg]
[thcslieutu1.edu.vn/wp-content/uploads/2014/03/IMG_1029.jpg]
[thcslieutu1.edu.vn/wp-content/uploads/2014/03/IMG_1027.jpg]
[thcslieutu1.edu.vn/wp-content/uploads/2014/03/IMG_1026.jpg]
[thcslieutu1.edu.vn/wp-content/uploads/2014/03/IMG_1030.jpg]
[thcslieutu1.edu.vn/index533f.html]
[thcslieutu1.edu.vn/wp-content/uploads/2014/03/so_diem_tong_ket_6a1.xls]
[thcslieutu1.edu.vn/index79f4.html]
[thcslieutu1.edu.vn/wp-content/uploads/2014/03/so_diem_tong_ket_6a2.xls]
[thcslieutu1.edu.vn/wp-content/uploads/2014/03/so_diem_tong_ket_6a3.xls]
[thcslieutu1.edu.vn/wp-content/uploads/2014/03/so_diem_tong_ket_6a4.xls]
[thcslieutu1.edu.vn/wp-content/uploads/2014/03/so_diem_tong_ket_6a5.xls]
[thcslieutu1.edu.vn/wp-content/uploads/2014/03/so_diem_tong_ket_7a1.xls]
[thcslieutu1.edu.vn/wp-content/uploads/2014/03/so_diem_tong_ket_7a2.xls]
[thcslieutu1.edu.vn/wp-content/uploads/2014/03/so_diem_tong_ket_7a3.xls]
[thcslieutu1.edu.vn/wp-content/uploads/2014/03/so_diem_tong_ket_7a4.xls]
[thcslieutu1.edu.vn/wp-content/uploads/2014/03/so_diem_tong_ket_8a1.xls]
[thcslieutu1.edu.vn/wp-content/uploads/2014/03/so_diem_tong_ket_8a2.xls]
[thcslieutu1.edu.vn/wp-content/uploads/2014/03/so_diem_tong_ket_8a3.xls]
[thcslieutu1.edu.vn/wp-content/uploads/2014/03/so_diem_tong_ket_9a1.xls]
[thcslieutu1.edu.vn/wp-content/uploads/2014/03/so_diem_tong_ket_9a2.xls]
[thcslieutu1.edu.vn/indexb74b.html]
[thcslieutu1.edu.vn/wp-content/uploads/2014/02/ki-niem-chuong.doc]
[thcslieutu1.edu.vn/indexd45c.html]
[thcslieutu1.edu.vn/index6972.html]
[thcslieutu1.edu.vn/wp-content/uploads/2013/12/TKB-HK-2.xls]
[thcslieutu1.edu.vn/index2d7f.html]
[thcslieutu1.edu.vn/indexa4e4.html]
[thcslieutu1.edu.vn/wp-content/themes/VN-News/scripts/timthumb9d16.jpg]
[thcslieutu1.edu.vn/wp-content/themes/VN-News/scripts/timthumb73c4.jpg]
[thcslieutu1.edu.vn/wp-content/themes/VN-News/scripts/timthumbd2a9.jpg]
[thcslieutu1.edu.vn/wp-content/themes/VN-News/scripts/timthumb18f0.jpg]
[thcslieutu1.edu.vn/wp-content/themes/VN-News/scripts/timthumbb206.jpg]
[thcslieutu1.edu.vn/indexe830.html]
[thcslieutu1.edu.vn/wp-content/uploads/2014/04/LICH-COI-THI-HK-22.xls]
[thcslieutu1.edu.vn/indexe6fd.html]
[thcslieutu1.edu.vn/index23a5.html]
[thcslieutu1.edu.vn/index48f1.html]
[thcslieutu1.edu.vn/index0149.html]
[thcslieutu1.edu.vn/indexde6a.html]
[thcslieutu1.edu.vn/index97d4.html]
[thcslieutu1.edu.vn/indexfded.html]
[thcslieutu1.edu.vn/wp-content/uploads/2014/04/so_diem_tong_ket_6a1.xls]
[thcslieutu1.edu.vn/wp-content/uploads/2014/04/so_diem_tong_ket_6a2.xls]
[thcslieutu1.edu.vn/wp-content/uploads/2014/04/so_diem_tong_ket_6a3.xls]
[thcslieutu1.edu.vn/wp-content/uploads/2014/04/so_diem_tong_ket_6a4.xls]
[thcslieutu1.edu.vn/wp-content/uploads/2014/04/so_diem_tong_ket_6a5.xls]
[thcslieutu1.edu.vn/wp-content/uploads/2014/04/so_diem_tong_ket_7a1.xls]
[thcslieutu1.edu.vn/wp-content/uploads/2014/04/so_diem_tong_ket_7a2.xls]
[thcslieutu1.edu.vn/index2e47.html]
[thcslieutu1.edu.vn/wp-content/uploads/2014/04/so_diem_tong_ket_7a3.xls]
[thcslieutu1.edu.vn/wp-content/uploads/2014/04/so_diem_tong_ket_7a4.xls]
[thcslieutu1.edu.vn/wp-content/uploads/2014/04/so_diem_tong_ket_8a1.xls]
[thcslieutu1.edu.vn/wp-content/uploads/2014/04/so_diem_tong_ket_8a2.xls]
[thcslieutu1.edu.vn/wp-content/uploads/2014/04/so_diem_tong_ket_8a3.xls]
[thcslieutu1.edu.vn/wp-content/uploads/2014/04/so_diem_tong_ket_9a1.xls]
[thcslieutu1.edu.vn/wp-content/uploads/2014/04/so_diem_tong_ket_9a2.xls]
[thcslieutu1.edu.vn/index0cf1.html]
[thcslieutu1.edu.vn/wp-content/uploads/2014/04/HUONG-DAN-KT-HK2.doc]
[thcslieutu1.edu.vn/index922d.html]
[thcslieutu1.edu.vn/wp-content/uploads/2014/04/T-0-4.doc]
[thcslieutu1.edu.vn/index7478.html]
[thcslieutu1.edu.vn/indexf179.html]
[thcslieutu1.edu.vn/indexd09a.html]
[thcslieutu1.edu.vn/index820b.html]
[thcslieutu1.edu.vn/index84c6.html]
[thcslieutu1.edu.vn/indexc21a.html]
[thcslieutu1.edu.vn/index759d.html]
[thcslieutu1.edu.vn/index85f3.html]
[thcslieutu1.edu.vn/indexa180.html]
[thcslieutu1.edu.vn/wp-content/uploads/2013/08/Qui-dinh-vay-von-ngan-hang.pdf]
[thcslieutu1.edu.vn/indexed98.html]
[thcslieutu1.edu.vn/wp-content/uploads/2014/04/KE-HOACH-CONG-TAC-THANG-4.20141.doc]
[thcslieutu1.edu.vn/index8951.html]
[thcslieutu1.edu.vn/index67b7.html]
[thcslieutu1.edu.vn/wp-content/uploads/2014/02/TT-55-DIEU-LE-BAN-DAI-DIEN-CHA-ME-HS.doc]
[thcslieutu1.edu.vn/indexd81c.html]
[thcslieutu1.edu.vn/indexc7d0.html]
[thcslieutu1.edu.vn/wp-content/uploads/2014/02/KE-HOACH-THANG-02.2014.doc]
[thcslieutu1.edu.vn/index8ddc.html]
[thcslieutu1.edu.vn/index5b4f.html]
[thcslieutu1.edu.vn/wp-content/uploads/2014/01/LICH-TRUC-TET-2014.doc]
[thcslieutu1.edu.vn/index26e4.html]
[thcslieutu1.edu.vn/indexc296.html]
[thcslieutu1.edu.vn/index7b7e.html]
[thcslieutu1.edu.vn/indexd4b2.html]
[thcslieutu1.edu.vn/index6bbf.html]
[thcslieutu1.edu.vn/index1bcc.html]
[thcslieutu1.edu.vn/index5222.html]
[thcslieutu1.edu.vn/wp-content/uploads/2014/03/phong-chay-chua-chay.pdf]
[thcslieutu1.edu.vn/indexc504.html]
[thcslieutu1.edu.vn/index91aa.html]
[thcslieutu1.edu.vn/wp-content/uploads/2013/12/so-diem-cac-lop.rar]
[thcslieutu1.edu.vn/indexbfb2.html]
[thcslieutu1.edu.vn/wp-content/uploads/2013/12/phieu-lien-lac.rar]
[thcslieutu1.edu.vn/indexf351.html]
[thcslieutu1.edu.vn/wp-content/uploads/2013/12/dap-an-Tieng-Anh-6-7-8.doc]
[thcslieutu1.edu.vn/index7bbb.html]
[thcslieutu1.edu.vn/indexa69b.html]
[thcslieutu1.edu.vn/indexc171.html]
[thcslieutu1.edu.vn/indexfe2c.html]
[thcslieutu1.edu.vn/index84a2.html]
[thcslieutu1.edu.vn/index4537.html]
[thcslieutu1.edu.vn/index0a3d.html]
[thcslieutu1.edu.vn/indexdc4d.html]
[thcslieutu1.edu.vn/indexfd69.html]
[thcslieutu1.edu.vn/index0d89.html]
[thcslieutu1.edu.vn/indexb897.html]
[thcslieutu1.edu.vn/indexde80.html]
[thcslieutu1.edu.vn/wp-content/uploads/2013/11/IMG_0728.jpg]
[thcslieutu1.edu.vn/indexe079.html]
[thcslieutu1.edu.vn/wp-content/uploads/2013/11/IMG_0729.jpg]
[thcslieutu1.edu.vn/wp-content/uploads/2013/11/IMG_0730.jpg]
[thcslieutu1.edu.vn/wp-content/uploads/2013/11/IMG_0731.jpg]
[thcslieutu1.edu.vn/wp-content/uploads/2013/11/IMG_0735.jpg]
[thcslieutu1.edu.vn/wp-content/uploads/2013/11/IMG_0738.jpg]
[thcslieutu1.edu.vn/wp-content/uploads/2013/11/IMG_0739.jpg]
[thcslieutu1.edu.vn/wp-content/uploads/2013/11/IMG_0746.jpg]
[thcslieutu1.edu.vn/wp-content/uploads/2013/11/IMG_0747.jpg]
[thcslieutu1.edu.vn/wp-content/uploads/2013/11/IMG_0749.jpg]
[thcslieutu1.edu.vn/wp-content/uploads/2013/11/IMG_0750.jpg]
[thcslieutu1.edu.vn/wp-content/uploads/2013/11/IMG_0751.jpg]
[thcslieutu1.edu.vn/wp-content/uploads/2013/11/IMG_0753.jpg]
[thcslieutu1.edu.vn/wp-content/uploads/2013/11/IMG_0755.jpg]
[thcslieutu1.edu.vn/wp-content/uploads/2013/11/IMG_0756.jpg]
[thcslieutu1.edu.vn/wp-content/uploads/2013/11/IMG_0757.jpg]
[thcslieutu1.edu.vn/wp-content/uploads/2013/11/IMG_0758.jpg]
[thcslieutu1.edu.vn/wp-content/uploads/2013/11/IMG_0759.jpg]
[thcslieutu1.edu.vn/wp-content/uploads/2013/11/IMG_0763.jpg]
[thcslieutu1.edu.vn/wp-content/uploads/2013/11/IMG_0765.jpg]
[thcslieutu1.edu.vn/wp-content/uploads/2013/11/IMG_0766.jpg]
[thcslieutu1.edu.vn/wp-content/uploads/2013/11/IMG_0771.jpg]
[thcslieutu1.edu.vn/wp-content/uploads/2013/11/IMG_0772.jpg]
[thcslieutu1.edu.vn/wp-content/uploads/2013/11/IMG_0773.jpg]
[thcslieutu1.edu.vn/wp-content/uploads/2013/11/IMG_0775.jpg]
[thcslieutu1.edu.vn/wp-content/uploads/2013/11/IMG_0776.jpg]
[thcslieutu1.edu.vn/wp-content/uploads/2013/11/IMG_0777.jpg]
[thcslieutu1.edu.vn/wp-content/uploads/2013/11/IMG_0778.jpg]
[thcslieutu1.edu.vn/wp-content/uploads/2013/11/IMG_0780.jpg]
[thcslieutu1.edu.vn/index0e6c.html]
[thcslieutu1.edu.vn/wp-content/uploads/2013/12/KE-HOACH-THI-LAM-DO-DUNG-2013-20141.doc]
[thcslieutu1.edu.vn/indexcd8b.html]
[thcslieutu1.edu.vn/indexc971.html]
[thcslieutu1.edu.vn/wp-content/uploads/2013/07/ke-hoach-cong-tac-trong-tam-dau-nam-hoc-2013-2014.doc]
[thcslieutu1.edu.vn/index9e8b.html]
[thcslieutu1.edu.vn/indexdf0a.html]
[thcslieutu1.edu.vn/wp-content/uploads/2013/10/KE-HOACH-KIEM-TRA-NOI-BO-TRUONG-HOC.doc]
[thcslieutu1.edu.vn/index456c.html]
[thcslieutu1.edu.vn/wp-content/uploads/2013/10/TKB-GV-WEBSTE.xls]
[thcslieutu1.edu.vn/indexd62d.html]
[thcslieutu1.edu.vn/index5ece.html]
[thcslieutu1.edu.vn/index9366.html]
[thcslieutu1.edu.vn/wp-content/uploads/2013/10/T-101-1.doc]
[thcslieutu1.edu.vn/indexd589.html]
[thcslieutu1.edu.vn/index4545.html]
[thcslieutu1.edu.vn/wp-content/uploads/2013/09/1.jpg]
[thcslieutu1.edu.vn/indexeab0.html]
[thcslieutu1.edu.vn/wp-content/uploads/2013/09/2.jpg]
[thcslieutu1.edu.vn/wp-content/uploads/2013/09/3.jpg]
[thcslieutu1.edu.vn/wp-content/uploads/2013/09/4.jpg]
[thcslieutu1.edu.vn/wp-content/uploads/2013/09/5.jpg]
[thcslieutu1.edu.vn/wp-content/uploads/2013/09/6.jpg]
[thcslieutu1.edu.vn/wp-content/uploads/2013/09/7.jpg]
[thcslieutu1.edu.vn/wp-content/uploads/2013/09/8.jpg]
[thcslieutu1.edu.vn/wp-content/uploads/2013/09/9.jpg]
[thcslieutu1.edu.vn/wp-content/uploads/2013/09/10.jpg]
[thcslieutu1.edu.vn/wp-content/uploads/2013/09/11.jpg]
[thcslieutu1.edu.vn/wp-content/uploads/2013/09/12.jpg]
[thcslieutu1.edu.vn/wp-content/uploads/2013/09/13.jpg]
[thcslieutu1.edu.vn/wp-content/uploads/2013/09/14.jpg]
[thcslieutu1.edu.vn/wp-content/uploads/2013/09/16.jpg]
[thcslieutu1.edu.vn/wp-content/uploads/2013/09/18.jpg]
[thcslieutu1.edu.vn/wp-content/uploads/2013/09/19.jpg]
[thcslieutu1.edu.vn/wp-content/uploads/2013/09/20.jpg]
[thcslieutu1.edu.vn/wp-content/uploads/2013/09/21.jpg]
[thcslieutu1.edu.vn/wp-content/uploads/2013/09/22.jpg]
[thcslieutu1.edu.vn/wp-content/uploads/2013/09/23.jpg]
[thcslieutu1.edu.vn/wp-content/uploads/2013/09/24.jpg]
[thcslieutu1.edu.vn/wp-content/uploads/2013/09/25.jpg]
[thcslieutu1.edu.vn/wp-content/uploads/2013/09/26.jpg]
[thcslieutu1.edu.vn/wp-content/uploads/2013/09/27.jpg]
[thcslieutu1.edu.vn/wp-content/uploads/2013/09/28.jpg]
[thcslieutu1.edu.vn/wp-content/uploads/2013/09/29.jpg]
[thcslieutu1.edu.vn/wp-content/uploads/2013/09/30.jpg]
[thcslieutu1.edu.vn/wp-content/uploads/2013/09/31.jpg]
[thcslieutu1.edu.vn/wp-content/uploads/2013/09/32.jpg]
[thcslieutu1.edu.vn/wp-content/uploads/2013/09/33.jpg]
[thcslieutu1.edu.vn/wp-content/uploads/2013/09/41.jpg]
[thcslieutu1.edu.vn/wp-content/uploads/2013/09/40.jpg]
[thcslieutu1.edu.vn/wp-content/uploads/2013/09/39.jpg]
[thcslieutu1.edu.vn/wp-content/uploads/2013/09/38.jpg]
[thcslieutu1.edu.vn/wp-content/uploads/2013/09/37.jpg]
[thcslieutu1.edu.vn/wp-content/uploads/2013/09/36.jpg]
[thcslieutu1.edu.vn/wp-content/uploads/2013/09/34.jpg]
[thcslieutu1.edu.vn/wp-content/uploads/2013/09/42.jpg]
[thcslieutu1.edu.vn/index8631.html]
[thcslieutu1.edu.vn/wp-content/uploads/2013/09/HS-GIOI21.doc]
[thcslieutu1.edu.vn/indexa2f3.html]
[thcslieutu1.edu.vn/indexf470.html]
[thcslieutu1.edu.vn/indexf20f.html]
[thcslieutu1.edu.vn/wp-content/uploads/2013/08/IMG_0251.jpg]
[thcslieutu1.edu.vn/wp-content/uploads/2013/08/IMG_0252.jpg]
[thcslieutu1.edu.vn/wp-content/uploads/2013/08/IMG_0255.jpg]
[thcslieutu1.edu.vn/wp-content/uploads/2013/08/IMG_0257.jpg]
[thcslieutu1.edu.vn/wp-content/uploads/2013/08/IMG_0260.jpg]
[thcslieutu1.edu.vn/wp-content/uploads/2013/08/IMG_0265.jpg]
[thcslieutu1.edu.vn/wp-content/uploads/2013/08/IMG_0268.jpg]
[thcslieutu1.edu.vn/wp-content/uploads/2013/08/IMG_0269.jpg]
[thcslieutu1.edu.vn/wp-content/uploads/2013/08/IMG_0271.jpg]
[thcslieutu1.edu.vn/wp-content/uploads/2013/08/IMG_0274.jpg]
[thcslieutu1.edu.vn/wp-content/uploads/2013/08/IMG_0275.jpg]
[thcslieutu1.edu.vn/wp-content/uploads/2013/08/IMG_0277.jpg]
[thcslieutu1.edu.vn/wp-content/uploads/2013/08/IMG_0279.jpg]
[thcslieutu1.edu.vn/wp-content/uploads/2013/08/IMG_0283.jpg]
[thcslieutu1.edu.vn/wp-content/uploads/2013/08/IMG_0284.jpg]
[thcslieutu1.edu.vn/index4978.html]
[thcslieutu1.edu.vn/wp-content/uploads/2013/07/Huong-dan-Dia-THCS.doc]
[thcslieutu1.edu.vn/index95d0.html]
[thcslieutu1.edu.vn/wp-content/uploads/2013/07/Huong-dan-T-Anh-THCS.doc]
[thcslieutu1.edu.vn/wp-content/uploads/2013/07/Huong-dan-Sinh-THCS.doc]
[thcslieutu1.edu.vn/wp-content/uploads/2013/07/Huong-dan-mon-Toan-THCS.doc]
[thcslieutu1.edu.vn/wp-content/uploads/2013/07/Huong-dan-mon-TD-THCS.doc]
[thcslieutu1.edu.vn/wp-content/uploads/2013/07/Huong-dan-mon-SU-THCS.doc]
[thcslieutu1.edu.vn/wp-content/uploads/2013/07/Huong-dan-mon-Ngu-van-THCS.doc]
[thcslieutu1.edu.vn/wp-content/uploads/2013/07/Huong-dan-mon-Mi-thuat.doc]
[thcslieutu1.edu.vn/wp-content/uploads/2013/07/Huong-dan-mon-Hoa-THCS.doc]
[thcslieutu1.edu.vn/wp-content/uploads/2013/07/Huong-dan-mon-GDCD-THCS.doc]
[thcslieutu1.edu.vn/wp-content/uploads/2013/07/Huong-dan-Li-THCS.doc]
[thcslieutu1.edu.vn/wp-content/uploads/2013/07/Huong-dan-CN-THCS.doc]
[thcslieutu1.edu.vn/wp-content/uploads/2013/07/Huong-dan-Am-nhac-THCS.doc]
[thcslieutu1.edu.vn/indexc140.html]
[thcslieutu1.edu.vn/wp-content/uploads/2013/07/ke-hoach-thoi-gia-nam-hoc.pdf]
[thcslieutu1.edu.vn/index9751.html]
[thcslieutu1.edu.vn/index1441.html]
[thcslieutu1.edu.vn/indexa59a.html]
[thcslieutu1.edu.vn/index98d4.html]
[thcslieutu1.edu.vn/index3e11.html]
[thcslieutu1.edu.vn/wp-content/uploads/2013/11/PHAN-PHOI-CHUONG-TRINH-20141.rar]
[thcslieutu1.edu.vn/index3f7a.html]
[thcslieutu1.edu.vn/indexa48f.html]
[thcslieutu1.edu.vn/index67ee.html]
[thcslieutu1.edu.vn/wp-content/uploads/2013/09/CHUYEN-DE-NGLL.doc]
[thcslieutu1.edu.vn/index5d49.html]
[thcslieutu1.edu.vn/wp-content/uploads/2013/08/THANG-9.doc]
[thcslieutu1.edu.vn/index6ade.html]
[thcslieutu1.edu.vn/indexf7b3.html]
[thcslieutu1.edu.vn/wp-content/uploads/2013/08/kh-th-9.doc]
[thcslieutu1.edu.vn/index475a.html]
[thcslieutu1.edu.vn/indexa084.html]
[thcslieutu1.edu.vn/wp-admin/images/loading.gif]
[thcslieutu1.edu.vn/wp-admin/images/bubble_bg.gif]
[thcslieutu1.edu.vn/wp-admin/images/comment-grey-bubble.png]
[thcslieutu1.edu.vn/wp-admin/images/xit.gif]
[thcslieutu1.edu.vn/wp-admin/images/welcome-icons.png]
[thcslieutu1.edu.vn/wp-admin/images/sort.gif]
[thcslieutu1.edu.vn/wp-admin/images/resize.gif]
[thcslieutu1.edu.vn/wp-admin/images/wpspin_light.gif]
[thcslieutu1.edu.vn/wp-admin/images/imgedit-icons.png]
[thcslieutu1.edu.vn/wp-admin/images/press-this0587.png]
[thcslieutu1.edu.vn/wp-admin/images/wp-badge5ade.png]
[thcslieutu1.edu.vn/wp-admin/images/arrows.png]
[thcslieutu1.edu.vn/wp-admin/images/wordpress-logo38a2.png]
[thcslieutu1.edu.vn/wp-admin/images/starsd474.png]
[thcslieutu1.edu.vn/wp-admin/images/arrows-dark.png]
[thcslieutu1.edu.vn/wp-admin/images/xit-2x.gif]
[thcslieutu1.edu.vn/wp-admin/images/arrows-2x.png]
[thcslieutu1.edu.vn/wp-admin/images/arrows-dark-2x.png]
[thcslieutu1.edu.vn/wp-admin/images/bubble_bg-2x.gif]
[thcslieutu1.edu.vn/wp-admin/images/comment-grey-bubble-2x.png]
[thcslieutu1.edu.vn/wp-admin/images/sort-2x63b4.gif]
[thcslieutu1.edu.vn/wp-admin/images/resize-2x.gif]
[thcslieutu1.edu.vn/wp-admin/images/stars-2xd474.png]
[thcslieutu1.edu.vn/wp-admin/images/welcome-icons-2x.png]
[thcslieutu1.edu.vn/wp-admin/images/wordpress-logo-2xb47f.png]
[thcslieutu1.edu.vn/wp-admin/images/wp-badge-2xda8f.png]
[thcslieutu1.edu.vn/wp-admin/images/press-this-2x9eb6.png]
[thcslieutu1.edu.vn/wp-admin/images/imgedit-icons-2x.png]
[thcslieutu1.edu.vn/wp-admin/images/wpspin_light-2x.gif]
[thcslieutu1.edu.vn/wp-admin/css/wp-admin.min9d52.css]
[thcslieutu1.edu.vn/wp-includes/css/buttons.min9d52.css]
[thcslieutu1.edu.vn/wp-admin/images/date-button.gif]
[thcslieutu1.edu.vn/wp-admin/images/menu-shadow.png]
[thcslieutu1.edu.vn/wp-admin/images/menu87dc.png]
[thcslieutu1.edu.vn/wp-admin/images/icons3287dc.png]
[thcslieutu1.edu.vn/wp-admin/images/list.png]
[thcslieutu1.edu.vn/wp-admin/images/wp-logo8317.png]
[thcslieutu1.edu.vn/wp-admin/images/menu-shadow-rtl.png]
[thcslieutu1.edu.vn/wp-admin/images/date-button-2x135a.gif]
[thcslieutu1.edu.vn/wp-admin/images/xit-2x135a.gif]
[thcslieutu1.edu.vn/wp-admin/images/arrows-2x135a.png]
[thcslieutu1.edu.vn/wp-admin/images/arrows-dark-2x135a.png]
[thcslieutu1.edu.vn/wp-admin/images/list-2x135a.png]
[thcslieutu1.edu.vn/wp-admin/images/icons32-2x87dc.png]
[thcslieutu1.edu.vn/wp-admin/images/menu-2x87dc.png]
[thcslieutu1.edu.vn/wp-admin/images/wp-logo-2x135a.png]
[thcslieutu1.edu.vn/wp-admin/css/colors-fresh.min9d52.css]
[thcslieutu1.edu.vn/wp-content/uploads/2013/08/thong-bao-tap-trung-tro-lai-hoc.doc]
[thcslieutu1.edu.vn/indexf3e4.html]
[thcslieutu1.edu.vn/indexe513.html]
[thcslieutu1.edu.vn/wp-content/uploads/2013/08/QUY-CHE-2014.doc]
[thcslieutu1.edu.vn/index5657.html]
[thcslieutu1.edu.vn/index7677.html]
[thcslieutu1.edu.vn/wp-content/uploads/2013/08/Tieu-chuan-thi-dua.doc]
[thcslieutu1.edu.vn/index64d4.html]
[thcslieutu1.edu.vn/index0d86.html]
[thcslieutu1.edu.vn/wp-content/uploads/2013/08/KE-HOACH-VAN-HAY-CHU-TOT11.doc]
[thcslieutu1.edu.vn/index27ac.html]
[thcslieutu1.edu.vn/index3165.html]
[thcslieutu1.edu.vn/wp-content/uploads/2013/08/PHAN-CONG-201421-moi.xls]
[thcslieutu1.edu.vn/index2847.html]
[thcslieutu1.edu.vn/indexfa5f.html]
[thcslieutu1.edu.vn/indexb88e.html]
[thcslieutu1.edu.vn/wp-content/uploads/2014/03/T-031.doc]
[thcslieutu1.edu.vn/index7408.html]
[thcslieutu1.edu.vn/index4d02.html]
[thcslieutu1.edu.vn/index6e0b.html]
[thcslieutu1.edu.vn/wp-content/uploads/2014/03/DanhSach_KQ-tinh.xls]
[thcslieutu1.edu.vn/index1c3e.html]
[thcslieutu1.edu.vn/index6950.html]
[thcslieutu1.edu.vn/wp-content/uploads/2014/03/DS-thi-THCS.xls]
[thcslieutu1.edu.vn/indexe693.html]
[thcslieutu1.edu.vn/indexc86f.html]
[thcslieutu1.edu.vn/wp-content/uploads/2014/03/KQ-KT-NL.xls]
[thcslieutu1.edu.vn/indexdd87.html]
[thcslieutu1.edu.vn/index6d8a.html]
[thcslieutu1.edu.vn/wp-content/uploads/2013/12/CONG-TAC-TRONG-TAM-HOC-KY-2-NAM-2013-20142.doc]
[thcslieutu1.edu.vn/index5795.html]
[thcslieutu1.edu.vn/index592b.html]
[thcslieutu1.edu.vn/wp-content/uploads/2014/01/KE-HOACH-THANG-01.2014.doc]
[thcslieutu1.edu.vn/index7dd5.html]
[thcslieutu1.edu.vn/indexf500.html]
[thcslieutu1.edu.vn/wp-content/uploads/2014/03/33333.xls]
[thcslieutu1.edu.vn/index0f55.html]
[thcslieutu1.edu.vn/index87c9.html]
[thcslieutu1.edu.vn/wp-content/uploads/2014/02/T-021.doc]
[thcslieutu1.edu.vn/index5d84.html]
[thcslieutu1.edu.vn/index71cb.html]
[thcslieutu1.edu.vn/wp-content/uploads/2014/02/WEBSTE.xls]
[thcslieutu1.edu.vn/index6d70.html]
[thcslieutu1.edu.vn/index0e2f.html]
[thcslieutu1.edu.vn/wp-content/uploads/2014/01/DON-XAC-NHAN-HS-BO-HOC.doc]
[thcslieutu1.edu.vn/index652b.html]
[thcslieutu1.edu.vn/index7324.html]
[thcslieutu1.edu.vn/wp-content/uploads/2014/01/vu-hk-2.doc]
[thcslieutu1.edu.vn/indexc52d.html]
[thcslieutu1.edu.vn/index1f88.html]
[thcslieutu1.edu.vn/wp-content/uploads/2014/01/Copy-of-vu.xls]
[thcslieutu1.edu.vn/indexb95d.html]
[thcslieutu1.edu.vn/index39cb.html]
[thcslieutu1.edu.vn/wp-content/uploads/2014/01/T-01.doc]
[thcslieutu1.edu.vn/index9f53.html]
[thcslieutu1.edu.vn/index370d.html]
[thcslieutu1.edu.vn/wp-content/uploads/2013/12/T-121.doc]
[thcslieutu1.edu.vn/index7979.html]
[thcslieutu1.edu.vn/index986a.html]
[thcslieutu1.edu.vn/wp-content/uploads/2013/12/LICH-COI-THI-HK-1.xls]
[thcslieutu1.edu.vn/index6435.html]
[thcslieutu1.edu.vn/indexb96c.html]
[thcslieutu1.edu.vn/wp-content/uploads/2013/12/LICH-KIEM-TRA-HOC-KY-1.doc]
[thcslieutu1.edu.vn/indexc190.html]
[thcslieutu1.edu.vn/indexd211.html]
[thcslieutu1.edu.vn/index123b.html]
[thcslieutu1.edu.vn/wp-content/uploads/2013/12/KE-HOACH-THANG-12.20131.doc]
[thcslieutu1.edu.vn/index724e.html]
[thcslieutu1.edu.vn/index80a9.html]
[thcslieutu1.edu.vn/indexe664.html]
[thcslieutu1.edu.vn/wp-content/uploads/2013/12/VEBSITE2.xls]
[thcslieutu1.edu.vn/indexf070.html]
[thcslieutu1.edu.vn/indexc58f.html]
[thcslieutu1.edu.vn/index25ae.html]
[thcslieutu1.edu.vn/wp-content/uploads/2013/12/PHUNG.doc]
[thcslieutu1.edu.vn/indexe23a.html]
[thcslieutu1.edu.vn/index0a5b.html]
[thcslieutu1.edu.vn/wp-content/uploads/2013/12/so_diem_tong_ket_6a1_thang_11.xls]
[thcslieutu1.edu.vn/index9d0a.html]
[thcslieutu1.edu.vn/wp-content/uploads/2013/12/so_diem_tong_ket_6a2_thang_11.xls]
[thcslieutu1.edu.vn/wp-content/uploads/2013/12/so_diem_tong_ket_6a3_thang_11.xls]
[thcslieutu1.edu.vn/wp-content/uploads/2013/12/so_diem_tong_ket_6a4_thang_11.xls]
[thcslieutu1.edu.vn/wp-content/uploads/2013/12/so_diem_tong_ket_6a5_thang_11.xls]
[thcslieutu1.edu.vn/wp-content/uploads/2013/12/so_diem_tong_ket_7a1_thang_11.xls]
[thcslieutu1.edu.vn/wp-content/uploads/2013/12/so_diem_tong_ket_7a2_thang_11.xls]
[thcslieutu1.edu.vn/wp-content/uploads/2013/12/so_diem_tong_ket_7a3_thang_11.xls]
[thcslieutu1.edu.vn/wp-content/uploads/2013/12/so_diem_tong_ket_7a4_thang_11.xls]
[thcslieutu1.edu.vn/wp-content/uploads/2013/12/so_diem_tong_ket_8a1_thang_11.xls]
[thcslieutu1.edu.vn/wp-content/uploads/2013/12/so_diem_tong_ket_8a2_thang_11.xls]
[thcslieutu1.edu.vn/wp-content/uploads/2013/12/so_diem_tong_ket_8a3_thang_11.xls]
[thcslieutu1.edu.vn/wp-content/uploads/2013/12/so_diem_tong_ket_9a1_thang_11.xls]
[thcslieutu1.edu.vn/wp-content/uploads/2013/12/so_diem_tong_ket_9a2_thang_11.xls]
[thcslieutu1.edu.vn/indexee0c.html]
[thcslieutu1.edu.vn/wp-content/uploads/2013/11/Phu-luc-3-Bien-ban-KTNB1.doc]
[thcslieutu1.edu.vn/indexc7c9.html]
[thcslieutu1.edu.vn/indexc129.html]
[thcslieutu1.edu.vn/wp-content/uploads/2013/11/T-11.doc]
[thcslieutu1.edu.vn/indexcef9.html]
[thcslieutu1.edu.vn/index3fec.html]
[thcslieutu1.edu.vn/wp-content/uploads/2013/11/so_diem_tong_ket_6a1.xls]
[thcslieutu1.edu.vn/index32bf.html]
[thcslieutu1.edu.vn/wp-content/uploads/2013/11/so_diem_tong_ket_6a2.xls]
[thcslieutu1.edu.vn/wp-content/uploads/2013/11/so_diem_tong_ket_6a3.xls]
[thcslieutu1.edu.vn/wp-content/uploads/2013/11/so_diem_tong_ket_6a4.xls]
[thcslieutu1.edu.vn/wp-content/uploads/2013/11/so_diem_tong_ket_6a5.xls]
[thcslieutu1.edu.vn/wp-content/uploads/2013/11/so_diem_tong_ket_7a1.xls]
[thcslieutu1.edu.vn/wp-content/uploads/2013/11/so_diem_tong_ket_7a2.xls]
[thcslieutu1.edu.vn/wp-content/uploads/2013/11/so_diem_tong_ket_7a3.xls]
[thcslieutu1.edu.vn/wp-content/uploads/2013/11/so_diem_tong_ket_7a4.xls]
[thcslieutu1.edu.vn/wp-content/uploads/2013/11/so_diem_tong_ket_8a1.xls]
[thcslieutu1.edu.vn/wp-content/uploads/2013/11/so_diem_tong_ket_8a2.xls]
[thcslieutu1.edu.vn/wp-content/uploads/2013/11/so_diem_tong_ket_8a3.xls]
[thcslieutu1.edu.vn/wp-content/uploads/2013/11/so_diem_tong_ket_9a1.xls]
[thcslieutu1.edu.vn/wp-content/uploads/2013/11/so_diem_tong_ket_9a2.xls]
[thcslieutu1.edu.vn/indexc61d.html]
[thcslieutu1.edu.vn/index7279.html]
[thcslieutu1.edu.vn/index0284.html]
[thcslieutu1.edu.vn/wp-content/uploads/2013/10/HK12.doc]
[thcslieutu1.edu.vn/index1efb.html]
[thcslieutu1.edu.vn/wp-content/uploads/2013/09/KeHoachThoiGianNamHoc2013-2014_ChinhThuc_686-2.xls]
[thcslieutu1.edu.vn/index4bc9.html]
[thcslieutu1.edu.vn/index039f.html]
[thcslieutu1.edu.vn/index5385.html]
[thcslieutu1.edu.vn/wp-content/uploads/2013/09/LICH-KIEM-TRA-T10.doc]
[thcslieutu1.edu.vn/index6dad.html]
[thcslieutu1.edu.vn/index2918.html]
[thcslieutu1.edu.vn/wp-content/uploads/2013/09/KE-HOACH-KHMER2.doc]
[thcslieutu1.edu.vn/indexb62e.html]
[thcslieutu1.edu.vn/wp-content/uploads/2013/09/KE-HOACH-KHMER1.doc]
[thcslieutu1.edu.vn/indexd7e6.html]
[thcslieutu1.edu.vn/wp-content/uploads/2013/09/BAO-CAO-SO-KET-hk-1.2012.doc]
[thcslieutu1.edu.vn/index92c3.html]
[thcslieutu1.edu.vn/indexf47f.html]
[thcslieutu1.edu.vn/wp-content/uploads/2013/09/KE-HOACH-HOI-THI-GV-GIAI-GIOI1.doc]
[thcslieutu1.edu.vn/indexb648.html]
[thcslieutu1.edu.vn/index1e16.html]
[thcslieutu1.edu.vn/wp-content/uploads/2013/09/HK121.doc]
[thcslieutu1.edu.vn/index0d13.html]
[thcslieutu1.edu.vn/wp-content/uploads/2013/09/TKB-GV-WEBSTE.xls]
[thcslieutu1.edu.vn/index386c.html]
[thcslieutu1.edu.vn/index8ae4.html]
[thcslieutu1.edu.vn/index0a4c.html]
[thcslieutu1.edu.vn/wp-content/uploads/2013/09/6a1.xls]
[thcslieutu1.edu.vn/index528c.html]
[thcslieutu1.edu.vn/wp-content/uploads/2013/09/6a2.xls]
[thcslieutu1.edu.vn/wp-content/uploads/2013/09/6a3.xls]
[thcslieutu1.edu.vn/wp-content/uploads/2013/09/6a4.xls]
[thcslieutu1.edu.vn/wp-content/uploads/2013/09/6a5.xls]
[thcslieutu1.edu.vn/wp-content/uploads/2013/09/7a1.xls]
[thcslieutu1.edu.vn/wp-content/uploads/2013/09/7a2.xls]
[thcslieutu1.edu.vn/wp-content/uploads/2013/09/7a3.xls]
[thcslieutu1.edu.vn/wp-content/uploads/2013/09/7a4.xls]
[thcslieutu1.edu.vn/wp-content/uploads/2013/09/8a1.xls]
[thcslieutu1.edu.vn/wp-content/uploads/2013/09/8a2.xls]
[thcslieutu1.edu.vn/wp-content/uploads/2013/09/8a3.xls]
[thcslieutu1.edu.vn/wp-content/uploads/2013/09/9a1.xls]
[thcslieutu1.edu.vn/wp-content/uploads/2013/09/9a2.xls]
[thcslieutu1.edu.vn/wp-content/uploads/2013/09/so-diem.xls]
[thcslieutu1.edu.vn/wp-content/uploads/2013/09/Vhbodo.ttf]
[thcslieutu1.edu.vn/wp-content/uploads/2013/09/VNI-Helve-Condense.ttf]
[thcslieutu1.edu.vn/index5192.html]
[thcslieutu1.edu.vn/wp-content/uploads/2013/11/KE-HOACH-11.20131.doc]
[thcslieutu1.edu.vn/indexbe7c.html]
[thcslieutu1.edu.vn/indexf991.html]
[thcslieutu1.edu.vn/wp-content/uploads/2013/09/KE-HOACH-THANG-10-2013.doc]
[thcslieutu1.edu.vn/index4a60.html]
[thcslieutu1.edu.vn/index714a.html]
[thcslieutu1.edu.vn/wp-content/uploads/2013/09/CHI-TIEU-DINH-HUONG-2013-201411.doc]
[thcslieutu1.edu.vn/indexe618.html]
[thcslieutu1.edu.vn/index03b2.html]
[thcslieutu1.edu.vn/wp-content/uploads/2013/09/noi-quy-hs2.doc]
[thcslieutu1.edu.vn/index08e2.html]
[thcslieutu1.edu.vn/indexfe75.html]
[thcslieutu1.edu.vn/index7efb.html]
[thcslieutu1.edu.vn/index3683.html]
[thcslieutu1.edu.vn/index8d5a.html]
[thcslieutu1.edu.vn/indexcb0d.html]
[thcslieutu1.edu.vn/index5610.html]
[thcslieutu1.edu.vn/index769b.html]
[thcslieutu1.edu.vn/index9eac.html]
[thcslieutu1.edu.vn/index2b2a.html]
[thcslieutu1.edu.vn/index208a.html]
[thcslieutu1.edu.vn/index25b7.html]
[thcslieutu1.edu.vn/index4bf2.html]
[thcslieutu1.edu.vn/indexc914.html]
[thcslieutu1.edu.vn/indexd874.html]
[thcslieutu1.edu.vn/wp-content/uploads/2013/09/bien-chê-mang-luoi1.html]
[thcslieutu1.edu.vn/index5219.html]
[thcslieutu1.edu.vn/indexfac5.html]
[thcslieutu1.edu.vn/index69b2.html]
